// Jest Snapshot v1, https://goo.gl/fbAQLP

exports[`matches snapshot 1`] = `
<DocumentFragment>
  <div
    class="box"
    style="width: 100px; height: 100px; background-color: blue;"
  >
    <button
      class="box-remove-btn"
    >
      X
    </button>
  </div>
</DocumentFragment>
`;
